Radek
Dodane
Dodane
Dodane
DośdaneŹ
łóęć
